// Jest Snapshot v1, https://goo.gl/fbAQLP

exports[`matches snapshot 1`] = `
<RCTSafeAreaView
  emulateUnlessSupported={true}
  style={
    Array [
      Object {
        "backgroundColor": "#fff",
        "flexGrow": 1,
      },
      undefined,
    ]
  }
>
  <RCTScrollView
    contentInsetAdjustmentBehavior="automatic"
    style={
      Array [
        Object {
          "backgroundColor": "#fff",
        },
        undefined,
      ]
    }
  >
    <View>
      <View
        style={
          Array [
            Object {
              "marginTop": 32,
              "paddingBottom": 0,
              "paddingLeft": 24,
              "paddingRight": 24,
              "paddingTop": 0,
            },
            undefined,
          ]
        }
      >
        <View
          style={
            Array [
              Object {
                "flexDirection": "row",
                "justifyContent": "space-between",
              },
              undefined,
            ]
          }
        >
          <Text
            style={
              Array [
                Object {
                  "color": "#222",
                  "fontSize": 24,
                  "fontWeight": "600",
                },
                undefined,
              ]
            }
          >
            Dark Mode
          </Text>
          <RCTSwitch
            accessibilityRole="switch"
            onChange={[Function]}
            onResponderTerminationRequest={[Function]}
            onStartShouldSetResponder={[Function]}
            style={
              Object {
                "height": 31,
                "width": 51,
              }
            }
            value={false}
          />
        </View>
      </View>
      <View
        style={
          Array [
            Object {
              "marginTop": 32,
              "paddingBottom": 0,
              "paddingLeft": 24,
              "paddingRight": 24,
              "paddingTop": 0,
            },
            undefined,
          ]
        }
      >
        <Text
          style={
            Array [
              Object {
                "color": "#222",
                "fontSize": 24,
                "fontWeight": "600",
              },
              undefined,
            ]
          }
        >
          Step One
        </Text>
        <Text
          style={
            Array [
              Object {
                "color": "#666",
                "fontSize": 18,
                "fontWeight": "400",
                "marginTop": 8,
              },
              undefined,
            ]
          }
        >
          Edit 
          <Text
            style={
              Array [
                Object {
                  "fontWeight": "700",
                },
                undefined,
              ]
            }
          >
            App.tsx
          </Text>
           to change this screen and then come back to see your edits.
        </Text>
      </View>
      <View
        style={
          Array [
            Object {
              "marginTop": 32,
              "paddingBottom": 0,
              "paddingLeft": 24,
              "paddingRight": 24,
              "paddingTop": 0,
            },
            undefined,
          ]
        }
      >
        <Text
          style={
            Array [
              Object {
                "color": "#222",
                "fontSize": 24,
                "fontWeight": "600",
              },
              undefined,
            ]
          }
        >
          See Your Changes
        </Text>
        <Text
          style={
            Array [
              Object {
                "color": "#666",
                "fontSize": 18,
                "fontWeight": "400",
                "marginTop": 8,
              },
              undefined,
            ]
          }
        >
          Press Cmd + R in the simulator to reload your app's code.
        </Text>
      </View>
      <View
        style={
          Array [
            Object {
              "marginTop": 32,
              "paddingBottom": 0,
              "paddingLeft": 24,
              "paddingRight": 24,
              "paddingTop": 0,
            },
            undefined,
          ]
        }
      >
        <Text
          style={
            Array [
              Object {
                "color": "#222",
                "fontSize": 24,
                "fontWeight": "600",
              },
              undefined,
            ]
          }
        >
          Debug
        </Text>
        <Text
          style={
            Array [
              Object {
                "color": "#666",
                "fontSize": 18,
                "fontWeight": "400",
                "marginTop": 8,
              },
              undefined,
            ]
          }
        >
          Press Cmd + D in the simulator or shake your device to open the React Native debug menu.
        </Text>
      </View>
      <View
        style={
          Array [
            Object {
              "marginTop": 32,
              "paddingBottom": 0,
              "paddingLeft": 24,
              "paddingRight": 24,
              "paddingTop": 0,
            },
            undefined,
          ]
        }
      >
        <Text
          style={
            Array [
              Object {
                "color": "#222",
                "fontSize": 24,
                "fontWeight": "600",
              },
              undefined,
            ]
          }
        >
          Learn More
        </Text>
        <Text
          style={
            Array [
              Object {
                "color": "#666",
                "fontSize": 18,
                "fontWeight": "400",
                "marginTop": 8,
              },
              undefined,
            ]
          }
        >
          Read the docs to discover what to do next.
        </Text>
      </View>
    </View>
  </RCTScrollView>
</RCTSafeAreaView>
`;
